[themesground.com/altima/demo-page/index.html]
[backblue.gif]
[fade.gif]
[index.html]
[www.w3schools.com/w3css/4/w3.css]
[themesground.com/altima/demo-page/css/style.css]
[themesground.com/altima/demo-page/css/bootstrap.css]
[themesground.com/altima/demo-page/css/font-awesome.min.css]
[themesground.com/altima/demo-page/images/logo.png]
[themesground.com/altima/demo-page/images/image1.jpg]
[themesground.com/altima/demo-page/images/image2.jpg]
[themesground.com/altima/demo-page/images/image3.jpg]
[themesground.com/altima/demo-page/js/jquery.js]
[themesground.com/altima/demo-page/images/image4.jpg]
[themesground.com/altima/demo-page/images/1.png]
[themesground.com/altima/demo-page/images/2.png]
[themesground.com/altima/demo-page/images/3.png]
[themesground.com/altima/demo-page/images/4.png]
[themesground.com/altima/demo-page/images/5.png]
[themesground.com/altima/demo-page/images/6.png]
[themesground.com/altima/demo-page/images/7.png]
[themesground.com/altima/demo-page/images/8.png]
[themesground.com/altima/demo-page/images/9.png]
[themesground.com/altima/demo-page/images/10.png]
[themesground.com/altima/demo-page/images/11.png]
[themesground.com/altima/demo-page/images/12.png]
[themesground.com/altima/demo-page/images/responsive-mobile.jpg]
[themesground.com/altima/demo-page/index.html]
[themesground.com/altima/demo-page/fonts/glyphicons-halflings-regular.17.delayed]
[themesground.com/altima/demo-page/fonts/glyphicons-halflings-regular.18d41d.delayed]
[themesground.com/altima/demo-page/fonts/glyphicons-halflings-regular.19.delayed]
[themesground.com/altima/demo-page/fonts/glyphicons-halflings-regular.1a.delayed]
[themesground.com/altima/demo-page/fonts/glyphicons-halflings-regular.1b.delayed]
[themesground.com/altima/demo-page/css/bootstrap.css]
[www.w3schools.com/w3css/4/w3.css]
[themesground.com/altima/demo-page/images/home1.jpg]
[themesground.com/altima/demo-page/images/home2.jpg]
[themesground.com/altima/demo-page/images/home3.jpg]
[themesground.com/altima/demo-page/images/home4.jpg]
[themesground.com/altima/demo-page/images/home5.jpg]
[themesground.com/altima/demo-page/images/home6.jpg]
[themesground.com/altima/demo-page/images/home7.22.delayed]
[themesground.com/altima/demo-page/images/home8.23.delayed]
[themesground.com/altima/demo-page/images/home9.24.delayed]
[themesground.com/altima/demo-page/css/style.css]
[themesground.com/altima/demo-page/fonts/fontawesome-webfont.253e6e.delayed]
[themesground.com/altima/demo-page/fonts/fontawesome-webfont.26d41d.delayed]
[themesground.com/altima/demo-page/fonts/fontawesome-webfont.273e6e.delayed]
[themesground.com/altima/demo-page/fonts/fontawesome-webfont.283e6e.delayed]
[themesground.com/altima/demo-page/fonts/fontawesome-webfont.293e6e.delayed]
[themesground.com/altima/demo-page/fonts/fontawesome-webfont.2a3e6e.delayed]
[themesground.com/altima/demo-page/css/font-awesome.min.css]
[themesground.com/altima/demo-page/fonts/glyphicons-halflings-regular.html]
[themesground.com/altima/demo-page/fonts/glyphicons-halflings-regulard41d.html]
[themesground.com/altima/demo-page/fonts/glyphicons-halflings-regular-2.html]
[themesground.com/altima/demo-page/fonts/glyphicons-halflings-regular-3.html]
[themesground.com/altima/demo-page/fonts/glyphicons-halflings-regular-4.html]
[themesground.com/altima/demo-page/images/home7.html]
[themesground.com/altima/demo-page/images/home8.html]
[themesground.com/altima/demo-page/images/home9.html]
[themesground.com/altima/demo-page/fonts/fontawesome-webfont3e6e.html]
[themesground.com/altima/demo-page/fonts/fontawesome-webfontd41d.html]
[themesground.com/altima/demo-page/fonts/fontawesome-webfont3e6e-2.html]
[themesground.com/altima/demo-page/fonts/fontawesome-webfont3e6e-3.html]
[themesground.com/altima/demo-page/fonts/fontawesome-webfont3e6e-4.html]
[themesground.com/altima/demo-page/fonts/fontawesome-webfont3e6e-5.html]
